python : Creating test 
database for alias 
'default'...
At line:1 char:1
+ python manage.py test 
main.tests > test_output.txt 
2>&1
+ ~~~~~~~~~~~~~~~~~~~~~~~~~~~
~~~~~~~~~~~~~~~~~~~~~~~~~~~~
    + CategoryInfo           
   : NotSpecified: (Creatin  
  g test d...as 'default'.   
 ..:String) [], RemoteExc    
eption
    + FullyQualifiedErrorId  
   : NativeCommandError
 

F..
=============================
=============================
============
FAIL: 
test_summarization_logic (mai
n.tests.StudyServicesTest.tes
t_summarization_logic)
Tests that the summarization 
service returns a structured 
string.
-----------------------------
-----------------------------
------------
Traceback (most recent call 
last):
  File "C:\Users\mary\Desktop
\StudyOptimizer\Study_Optimiz
er\main\tests.py", line 15, 
in test_summarization_logic
    self.assertIn("Technical 
Overview", title)
AssertionError: 'Technical 
Overview' not found in 
'Analysis of test_ai.pdf'

-----------------------------
-----------------------------
------------
Ran 3 tests in 1.294s

FAILED (failures=1)
Destroying test database for 
alias 'default'...

Found 3 test(s).
System check identified no issues (0 silenced).
